INFO [2026-08-20 18:27:28] $x
INFO [2026-08-20 18:27:28] list(cw_cc = deg_list$cw_cc$Gene, ww_cw = deg_list$ww_cw$Gene)
INFO [2026-08-20 18:27:28] 
INFO [2026-08-20 18:27:28] $category.names
INFO [2026-08-20 18:27:28] c("CW vs. CC", "WW vs. CW")
INFO [2026-08-20 18:27:28] 
INFO [2026-08-20 18:27:28] $filename
INFO [2026-08-20 18:27:28] NULL
INFO [2026-08-20 18:27:28] 
INFO [2026-08-20 18:27:28] $imagetype
INFO [2026-08-20 18:27:28] [1] "png"
INFO [2026-08-20 18:27:28] 
INFO [2026-08-20 18:27:28] $height
INFO [2026-08-20 18:27:28] [1] 480
INFO [2026-08-20 18:27:28] 
INFO [2026-08-20 18:27:28] $width
INFO [2026-08-20 18:27:28] [1] 480
INFO [2026-08-20 18:27:28] 
INFO [2026-08-20 18:27:28] $resolution
INFO [2026-08-20 18:27:28] [1] 300
INFO [2026-08-20 18:27:28] 
INFO [2026-08-20 18:27:28] $compression
INFO [2026-08-20 18:27:28] [1] "lzw"
INFO [2026-08-20 18:27:28] 
INFO [2026-08-20 18:27:28] $scaled
INFO [2026-08-20 18:27:28] [1] FALSE
INFO [2026-08-20 18:27:28] 
INFO [2026-08-20 18:27:28] $lwd
INFO [2026-08-20 18:27:28] [1] 2
INFO [2026-08-20 18:27:28] 
INFO [2026-08-20 18:27:28] $fill
INFO [2026-08-20 18:27:28] myCol
INFO [2026-08-20 18:27:28] 
INFO [2026-08-20 18:27:28] $cex
INFO [2026-08-20 18:27:28] [1] 2.5
INFO [2026-08-20 18:27:28] 
INFO [2026-08-20 18:27:28] $fontfamily
INFO [2026-08-20 18:27:28] [1] "sans"
INFO [2026-08-20 18:27:28] 
INFO [2026-08-20 18:27:28] $cat.cex
INFO [2026-08-20 18:27:28] [1] 1.5
INFO [2026-08-20 18:27:28] 
INFO [2026-08-20 18:27:28] $cat.fontface
INFO [2026-08-20 18:27:28] [1] "bold"
INFO [2026-08-20 18:27:28] 
INFO [2026-08-20 18:27:28] $cat.default.pos
INFO [2026-08-20 18:27:28] [1] "outer"
INFO [2026-08-20 18:27:28] 
INFO [2026-08-20 18:27:28] $cat.pos
INFO [2026-08-20 18:27:28] c(-23, 23)
INFO [2026-08-20 18:27:28] 
INFO [2026-08-20 18:27:28] $cat.dist
INFO [2026-08-20 18:27:28] c(0.055, 0.055)
INFO [2026-08-20 18:27:28] 
INFO [2026-08-20 18:27:28] $cat.fontfamily
INFO [2026-08-20 18:27:28] [1] "sans"
INFO [2026-08-20 18:27:28] 
