INFO [2026-08-20 18:41:46] $x
INFO [2026-08-20 18:41:46] list(cw_cc = deg_list$cw_cc$Gene, ww_cw = deg_list$ww_cw$Gene)
INFO [2026-08-20 18:41:46] 
INFO [2026-08-20 18:41:46] $category.names
INFO [2026-08-20 18:41:46] c("CW vs. CC", "WW vs. CW")
INFO [2026-08-20 18:41:46] 
INFO [2026-08-20 18:41:46] $filename
INFO [2026-08-20 18:41:46] NULL
INFO [2026-08-20 18:41:46] 
INFO [2026-08-20 18:41:46] $imagetype
INFO [2026-08-20 18:41:46] [1] "png"
INFO [2026-08-20 18:41:46] 
INFO [2026-08-20 18:41:46] $height
INFO [2026-08-20 18:41:46] [1] 480
INFO [2026-08-20 18:41:46] 
INFO [2026-08-20 18:41:46] $width
INFO [2026-08-20 18:41:46] [1] 480
INFO [2026-08-20 18:41:46] 
INFO [2026-08-20 18:41:46] $resolution
INFO [2026-08-20 18:41:46] [1] 300
INFO [2026-08-20 18:41:46] 
INFO [2026-08-20 18:41:46] $compression
INFO [2026-08-20 18:41:46] [1] "lzw"
INFO [2026-08-20 18:41:46] 
INFO [2026-08-20 18:41:46] $scaled
INFO [2026-08-20 18:41:46] [1] FALSE
INFO [2026-08-20 18:41:46] 
INFO [2026-08-20 18:41:46] $lwd
INFO [2026-08-20 18:41:46] [1] 2
INFO [2026-08-20 18:41:46] 
INFO [2026-08-20 18:41:46] $fill
INFO [2026-08-20 18:41:46] myCol
INFO [2026-08-20 18:41:46] 
INFO [2026-08-20 18:41:46] $cex
INFO [2026-08-20 18:41:46] [1] 2.5
INFO [2026-08-20 18:41:46] 
INFO [2026-08-20 18:41:46] $fontfamily
INFO [2026-08-20 18:41:46] [1] "sans"
INFO [2026-08-20 18:41:46] 
INFO [2026-08-20 18:41:46] $cat.cex
INFO [2026-08-20 18:41:46] [1] 1.5
INFO [2026-08-20 18:41:46] 
INFO [2026-08-20 18:41:46] $cat.fontface
INFO [2026-08-20 18:41:46] [1] "bold"
INFO [2026-08-20 18:41:46] 
INFO [2026-08-20 18:41:46] $cat.default.pos
INFO [2026-08-20 18:41:46] [1] "outer"
INFO [2026-08-20 18:41:46] 
INFO [2026-08-20 18:41:46] $cat.pos
INFO [2026-08-20 18:41:46] c(-23, 23)
INFO [2026-08-20 18:41:46] 
INFO [2026-08-20 18:41:46] $cat.dist
INFO [2026-08-20 18:41:46] c(0.055, 0.055)
INFO [2026-08-20 18:41:46] 
INFO [2026-08-20 18:41:46] $cat.fontfamily
INFO [2026-08-20 18:41:46] [1] "sans"
INFO [2026-08-20 18:41:46] 
